[      94ms] Uncaught TypeError: t.startsWith is not a function
    at _scriptable (https://cdn.jsdelivr.net/npm/chart.js@4.4.7/dist/chart.umd.min.js:18:12197)
    at <anonymous> (https://cdn.jsdelivr.net/npm/chart.js@4.4.7/dist/chart.umd.min.js:18:21497)
    at <anonymous> (https://cdn.jsdelivr.net/npm/chart.js@4.4.7/dist/chart.umd.min.js:18:21561)
    at <anonymous> (https://cdn.jsdelivr.net/npm/chart.js@4.4.7/dist/chart.umd.min.js:18:21913)
    at qe (https://cdn.jsdelivr.net/npm/chart.js@4.4.7/dist/chart.umd.min.js:18:22657)
    at get (https://cdn.jsdelivr.net/npm/chart.js@4.4.7/dist/chart.umd.min.js:18:21207)
    at Ye (https://cdn.jsdelivr.net/npm/chart.js@4.4.7/dist/chart.umd.min.js:18:22279)
    at $e (https://cdn.jsdelivr.net/npm/chart.js@4.4.7/dist/chart.umd.min.js:18:21052)
    at <anonymous> (https://cdn.jsdelivr.net/npm/chart.js@4.4.7/dist/chart.umd.min.js:18:21885)
    at <anonymous> (https://cdn.jsdelivr.net/npm/chart.js@4.4.7/dist/chart.umd.min.js:18:21913)
    at qe (https://cdn.jsdelivr.net/npm/chart.js@4.4.7/dist/chart.umd.min.js:18:22657)
    at get (https://cdn.jsdelivr.net/npm/chart.js@4.4.7/dist/chart.umd.min.js:18:21207)
    at <anonymous> (http://localhost:8899/20260528-report.html:621:12)
    at <anonymous> (http://localhost:8899/20260528-report.html:619:44)
    at u (https://cdn.jsdelivr.net/npm/chart.js@4.4.7/dist/chart.umd.min.js:12:1310)
    at updateChartColors (http://localhost:8899/20260528-report.html:617:18)
    at <anonymous> (http://localhost:8899/20260528-report.html:630:2)
    at <anonymous> (http://localhost:8899/20260528-report.html:631:2)
[   79734ms] [WARNING] Canvas2D: Multiple readback operations using getImageData are faster with the willReadFrequently attribute set to true. See: https://html.spec.whatwg.org/multipage/canvas.html#concept-canvas-will-read-frequently @ :14
