[      68ms] Uncaught TypeError: t.startsWith is not a function
    at _scriptable (https://cdn.jsdelivr.net/npm/chart.js@4.4.7/dist/chart.umd.min.js:18:12197)
    at <anonymous> (https://cdn.jsdelivr.net/npm/chart.js@4.4.7/dist/chart.umd.min.js:18:21497)
    at <anonymous> (https://cdn.jsdelivr.net/npm/chart.js@4.4.7/dist/chart.umd.min.js:18:21561)
    at <anonymous> (https://cdn.jsdelivr.net/npm/chart.js@4.4.7/dist/chart.umd.min.js:18:21913)
    at qe (https://cdn.jsdelivr.net/npm/chart.js@4.4.7/dist/chart.umd.min.js:18:22657)
    at get (https://cdn.jsdelivr.net/npm/chart.js@4.4.7/dist/chart.umd.min.js:18:21207)
    at Ye (https://cdn.jsdelivr.net/npm/chart.js@4.4.7/dist/chart.umd.min.js:18:22279)
    at $e (https://cdn.jsdelivr.net/npm/chart.js@4.4.7/dist/chart.umd.min.js:18:21052)
    at <anonymous> (https://cdn.jsdelivr.net/npm/chart.js@4.4.7/dist/chart.umd.min.js:18:21885)
    at <anonymous> (https://cdn.jsdelivr.net/npm/chart.js@4.4.7/dist/chart.umd.min.js:18:21913)
    at qe (https://cdn.jsdelivr.net/npm/chart.js@4.4.7/dist/chart.umd.min.js:18:22657)
    at get (https://cdn.jsdelivr.net/npm/chart.js@4.4.7/dist/chart.umd.min.js:18:21207)
    at <anonymous> (http://localhost:8899/20260528-report.html?t=456:622:12)
    at <anonymous> (http://localhost:8899/20260528-report.html?t=456:620:44)
    at u (https://cdn.jsdelivr.net/npm/chart.js@4.4.7/dist/chart.umd.min.js:12:1310)
    at updateChartColors (http://localhost:8899/20260528-report.html?t=456:618:18)
    at <anonymous> (http://localhost:8899/20260528-report.html?t=456:631:2)
    at <anonymous> (http://localhost:8899/20260528-report.html?t=456:632:2)
[    4593ms] Uncaught TypeError: t.startsWith is not a function
    at _scriptable (https://cdn.jsdelivr.net/npm/chart.js@4.4.7/dist/chart.umd.min.js:18:12197)
    at <anonymous> (https://cdn.jsdelivr.net/npm/chart.js@4.4.7/dist/chart.umd.min.js:18:21497)
    at <anonymous> (https://cdn.jsdelivr.net/npm/chart.js@4.4.7/dist/chart.umd.min.js:18:21561)
    at <anonymous> (https://cdn.jsdelivr.net/npm/chart.js@4.4.7/dist/chart.umd.min.js:18:21913)
    at qe (https://cdn.jsdelivr.net/npm/chart.js@4.4.7/dist/chart.umd.min.js:18:22657)
    at get (https://cdn.jsdelivr.net/npm/chart.js@4.4.7/dist/chart.umd.min.js:18:21207)
    at Ye (https://cdn.jsdelivr.net/npm/chart.js@4.4.7/dist/chart.umd.min.js:18:22279)
    at $e (https://cdn.jsdelivr.net/npm/chart.js@4.4.7/dist/chart.umd.min.js:18:21052)
    at <anonymous> (https://cdn.jsdelivr.net/npm/chart.js@4.4.7/dist/chart.umd.min.js:18:21885)
    at <anonymous> (https://cdn.jsdelivr.net/npm/chart.js@4.4.7/dist/chart.umd.min.js:18:21913)
    at qe (https://cdn.jsdelivr.net/npm/chart.js@4.4.7/dist/chart.umd.min.js:18:22657)
    at get (https://cdn.jsdelivr.net/npm/chart.js@4.4.7/dist/chart.umd.min.js:18:21207)
    at <anonymous> (http://localhost:8899/20260528-report.html?t=456:622:12)
    at <anonymous> (http://localhost:8899/20260528-report.html?t=456:620:44)
    at u (https://cdn.jsdelivr.net/npm/chart.js@4.4.7/dist/chart.umd.min.js:12:1310)
    at updateChartColors (http://localhost:8899/20260528-report.html?t=456:618:18)
    at <anonymous> (http://localhost:8899/20260528-report.html?t=456:631:2)
    at <anonymous> (http://localhost:8899/20260528-report.html?t=456:632:2)
[   31414ms] Uncaught TypeError: t.startsWith is not a function
    at _scriptable (https://cdn.jsdelivr.net/npm/chart.js@4.4.7/dist/chart.umd.min.js:18:12197)
    at <anonymous> (https://cdn.jsdelivr.net/npm/chart.js@4.4.7/dist/chart.umd.min.js:18:21497)
    at <anonymous> (https://cdn.jsdelivr.net/npm/chart.js@4.4.7/dist/chart.umd.min.js:18:21561)
    at <anonymous> (https://cdn.jsdelivr.net/npm/chart.js@4.4.7/dist/chart.umd.min.js:18:21913)
    at qe (https://cdn.jsdelivr.net/npm/chart.js@4.4.7/dist/chart.umd.min.js:18:22657)
    at get (https://cdn.jsdelivr.net/npm/chart.js@4.4.7/dist/chart.umd.min.js:18:21207)
    at Ye (https://cdn.jsdelivr.net/npm/chart.js@4.4.7/dist/chart.umd.min.js:18:22279)
    at $e (https://cdn.jsdelivr.net/npm/chart.js@4.4.7/dist/chart.umd.min.js:18:21052)
    at <anonymous> (https://cdn.jsdelivr.net/npm/chart.js@4.4.7/dist/chart.umd.min.js:18:21885)
    at <anonymous> (https://cdn.jsdelivr.net/npm/chart.js@4.4.7/dist/chart.umd.min.js:18:21913)
    at qe (https://cdn.jsdelivr.net/npm/chart.js@4.4.7/dist/chart.umd.min.js:18:22657)
    at get (https://cdn.jsdelivr.net/npm/chart.js@4.4.7/dist/chart.umd.min.js:18:21207)
    at <anonymous> (http://localhost:8899/20260528-report.html?t=456:622:12)
    at <anonymous> (http://localhost:8899/20260528-report.html?t=456:620:44)
    at u (https://cdn.jsdelivr.net/npm/chart.js@4.4.7/dist/chart.umd.min.js:12:1310)
    at updateChartColors (http://localhost:8899/20260528-report.html?t=456:618:18)
    at <anonymous> (http://localhost:8899/20260528-report.html?t=456:631:2)
    at <anonymous> (http://localhost:8899/20260528-report.html?t=456:632:2)
[   48097ms] Uncaught Error: Recursion detected: _scriptable->_scriptable
    at <anonymous> (https://cdn.jsdelivr.net/npm/chart.js@4.4.7/dist/chart.umd.min.js:18:21416)
    at <anonymous> (https://cdn.jsdelivr.net/npm/chart.js@4.4.7/dist/chart.umd.min.js:18:21561)
    at <anonymous> (https://cdn.jsdelivr.net/npm/chart.js@4.4.7/dist/chart.umd.min.js:18:21913)
    at qe (https://cdn.jsdelivr.net/npm/chart.js@4.4.7/dist/chart.umd.min.js:18:22657)
    at get (https://cdn.jsdelivr.net/npm/chart.js@4.4.7/dist/chart.umd.min.js:18:21207)
    at Ye (https://cdn.jsdelivr.net/npm/chart.js@4.4.7/dist/chart.umd.min.js:18:22279)
    at $e (https://cdn.jsdelivr.net/npm/chart.js@4.4.7/dist/chart.umd.min.js:18:21052)
    at <anonymous> (https://cdn.jsdelivr.net/npm/chart.js@4.4.7/dist/chart.umd.min.js:18:21885)
    at <anonymous> (https://cdn.jsdelivr.net/npm/chart.js@4.4.7/dist/chart.umd.min.js:18:21913)
    at qe (https://cdn.jsdelivr.net/npm/chart.js@4.4.7/dist/chart.umd.min.js:18:22657)
    at get (https://cdn.jsdelivr.net/npm/chart.js@4.4.7/dist/chart.umd.min.js:18:21207)
    at <anonymous> (http://localhost:8899/20260528-report.html?t=456:621:21)
    at <anonymous> (http://localhost:8899/20260528-report.html?t=456:620:44)
    at u (https://cdn.jsdelivr.net/npm/chart.js@4.4.7/dist/chart.umd.min.js:12:1310)
    at updateChartColors (http://localhost:8899/20260528-report.html?t=456:618:18)
    at <anonymous> (http://localhost:8899/20260528-report.html?t=456:608:4)
[   49155ms] Uncaught TypeError: t.startsWith is not a function
    at _scriptable (https://cdn.jsdelivr.net/npm/chart.js@4.4.7/dist/chart.umd.min.js:18:12197)
    at <anonymous> (https://cdn.jsdelivr.net/npm/chart.js@4.4.7/dist/chart.umd.min.js:18:21497)
    at <anonymous> (https://cdn.jsdelivr.net/npm/chart.js@4.4.7/dist/chart.umd.min.js:18:21561)
    at <anonymous> (https://cdn.jsdelivr.net/npm/chart.js@4.4.7/dist/chart.umd.min.js:18:21913)
    at qe (https://cdn.jsdelivr.net/npm/chart.js@4.4.7/dist/chart.umd.min.js:18:22657)
    at get (https://cdn.jsdelivr.net/npm/chart.js@4.4.7/dist/chart.umd.min.js:18:21207)
    at Ye (https://cdn.jsdelivr.net/npm/chart.js@4.4.7/dist/chart.umd.min.js:18:22279)
    at $e (https://cdn.jsdelivr.net/npm/chart.js@4.4.7/dist/chart.umd.min.js:18:21052)
    at <anonymous> (https://cdn.jsdelivr.net/npm/chart.js@4.4.7/dist/chart.umd.min.js:18:21885)
    at <anonymous> (https://cdn.jsdelivr.net/npm/chart.js@4.4.7/dist/chart.umd.min.js:18:21913)
    at qe (https://cdn.jsdelivr.net/npm/chart.js@4.4.7/dist/chart.umd.min.js:18:22657)
    at get (https://cdn.jsdelivr.net/npm/chart.js@4.4.7/dist/chart.umd.min.js:18:21207)
    at <anonymous> (http://localhost:8899/20260528-report.html?t=456:622:12)
    at <anonymous> (http://localhost:8899/20260528-report.html?t=456:620:44)
    at u (https://cdn.jsdelivr.net/npm/chart.js@4.4.7/dist/chart.umd.min.js:12:1310)
    at updateChartColors (http://localhost:8899/20260528-report.html?t=456:618:18)
    at <anonymous> (http://localhost:8899/20260528-report.html?t=456:631:2)
    at <anonymous> (http://localhost:8899/20260528-report.html?t=456:632:2)
[   49557ms] Uncaught TypeError: t.startsWith is not a function
    at _scriptable (https://cdn.jsdelivr.net/npm/chart.js@4.4.7/dist/chart.umd.min.js:18:12197)
    at <anonymous> (https://cdn.jsdelivr.net/npm/chart.js@4.4.7/dist/chart.umd.min.js:18:21497)
    at <anonymous> (https://cdn.jsdelivr.net/npm/chart.js@4.4.7/dist/chart.umd.min.js:18:21561)
    at <anonymous> (https://cdn.jsdelivr.net/npm/chart.js@4.4.7/dist/chart.umd.min.js:18:21913)
    at qe (https://cdn.jsdelivr.net/npm/chart.js@4.4.7/dist/chart.umd.min.js:18:22657)
    at get (https://cdn.jsdelivr.net/npm/chart.js@4.4.7/dist/chart.umd.min.js:18:21207)
    at Ye (https://cdn.jsdelivr.net/npm/chart.js@4.4.7/dist/chart.umd.min.js:18:22279)
    at $e (https://cdn.jsdelivr.net/npm/chart.js@4.4.7/dist/chart.umd.min.js:18:21052)
    at <anonymous> (https://cdn.jsdelivr.net/npm/chart.js@4.4.7/dist/chart.umd.min.js:18:21885)
    at <anonymous> (https://cdn.jsdelivr.net/npm/chart.js@4.4.7/dist/chart.umd.min.js:18:21913)
    at qe (https://cdn.jsdelivr.net/npm/chart.js@4.4.7/dist/chart.umd.min.js:18:22657)
    at get (https://cdn.jsdelivr.net/npm/chart.js@4.4.7/dist/chart.umd.min.js:18:21207)
    at <anonymous> (http://localhost:8899/20260528-report.html?t=456:622:12)
    at <anonymous> (http://localhost:8899/20260528-report.html?t=456:620:44)
    at u (https://cdn.jsdelivr.net/npm/chart.js@4.4.7/dist/chart.umd.min.js:12:1310)
    at updateChartColors (http://localhost:8899/20260528-report.html?t=456:618:18)
    at <anonymous> (http://localhost:8899/20260528-report.html?t=456:631:2)
    at <anonymous> (http://localhost:8899/20260528-report.html?t=456:632:2)
[   49746ms] Uncaught TypeError: t.startsWith is not a function
    at _scriptable (https://cdn.jsdelivr.net/npm/chart.js@4.4.7/dist/chart.umd.min.js:18:12197)
    at <anonymous> (https://cdn.jsdelivr.net/npm/chart.js@4.4.7/dist/chart.umd.min.js:18:21497)
    at <anonymous> (https://cdn.jsdelivr.net/npm/chart.js@4.4.7/dist/chart.umd.min.js:18:21561)
    at <anonymous> (https://cdn.jsdelivr.net/npm/chart.js@4.4.7/dist/chart.umd.min.js:18:21913)
    at qe (https://cdn.jsdelivr.net/npm/chart.js@4.4.7/dist/chart.umd.min.js:18:22657)
    at get (https://cdn.jsdelivr.net/npm/chart.js@4.4.7/dist/chart.umd.min.js:18:21207)
    at Ye (https://cdn.jsdelivr.net/npm/chart.js@4.4.7/dist/chart.umd.min.js:18:22279)
    at $e (https://cdn.jsdelivr.net/npm/chart.js@4.4.7/dist/chart.umd.min.js:18:21052)
    at <anonymous> (https://cdn.jsdelivr.net/npm/chart.js@4.4.7/dist/chart.umd.min.js:18:21885)
    at <anonymous> (https://cdn.jsdelivr.net/npm/chart.js@4.4.7/dist/chart.umd.min.js:18:21913)
    at qe (https://cdn.jsdelivr.net/npm/chart.js@4.4.7/dist/chart.umd.min.js:18:22657)
    at get (https://cdn.jsdelivr.net/npm/chart.js@4.4.7/dist/chart.umd.min.js:18:21207)
    at <anonymous> (http://localhost:8899/20260528-report.html?t=456:622:12)
    at <anonymous> (http://localhost:8899/20260528-report.html?t=456:620:44)
    at u (https://cdn.jsdelivr.net/npm/chart.js@4.4.7/dist/chart.umd.min.js:12:1310)
    at updateChartColors (http://localhost:8899/20260528-report.html?t=456:618:18)
    at <anonymous> (http://localhost:8899/20260528-report.html?t=456:631:2)
    at <anonymous> (http://localhost:8899/20260528-report.html?t=456:632:2)
[   49908ms] Uncaught TypeError: t.startsWith is not a function
    at _scriptable (https://cdn.jsdelivr.net/npm/chart.js@4.4.7/dist/chart.umd.min.js:18:12197)
    at <anonymous> (https://cdn.jsdelivr.net/npm/chart.js@4.4.7/dist/chart.umd.min.js:18:21497)
    at <anonymous> (https://cdn.jsdelivr.net/npm/chart.js@4.4.7/dist/chart.umd.min.js:18:21561)
    at <anonymous> (https://cdn.jsdelivr.net/npm/chart.js@4.4.7/dist/chart.umd.min.js:18:21913)
    at qe (https://cdn.jsdelivr.net/npm/chart.js@4.4.7/dist/chart.umd.min.js:18:22657)
    at get (https://cdn.jsdelivr.net/npm/chart.js@4.4.7/dist/chart.umd.min.js:18:21207)
    at Ye (https://cdn.jsdelivr.net/npm/chart.js@4.4.7/dist/chart.umd.min.js:18:22279)
    at $e (https://cdn.jsdelivr.net/npm/chart.js@4.4.7/dist/chart.umd.min.js:18:21052)
    at <anonymous> (https://cdn.jsdelivr.net/npm/chart.js@4.4.7/dist/chart.umd.min.js:18:21885)
    at <anonymous> (https://cdn.jsdelivr.net/npm/chart.js@4.4.7/dist/chart.umd.min.js:18:21913)
    at qe (https://cdn.jsdelivr.net/npm/chart.js@4.4.7/dist/chart.umd.min.js:18:22657)
    at get (https://cdn.jsdelivr.net/npm/chart.js@4.4.7/dist/chart.umd.min.js:18:21207)
    at <anonymous> (http://localhost:8899/20260528-report.html?t=456:622:12)
    at <anonymous> (http://localhost:8899/20260528-report.html?t=456:620:44)
    at u (https://cdn.jsdelivr.net/npm/chart.js@4.4.7/dist/chart.umd.min.js:12:1310)
    at updateChartColors (http://localhost:8899/20260528-report.html?t=456:618:18)
    at <anonymous> (http://localhost:8899/20260528-report.html?t=456:631:2)
    at <anonymous> (http://localhost:8899/20260528-report.html?t=456:632:2)
[   50058ms] Uncaught TypeError: t.startsWith is not a function
    at _scriptable (https://cdn.jsdelivr.net/npm/chart.js@4.4.7/dist/chart.umd.min.js:18:12197)
    at <anonymous> (https://cdn.jsdelivr.net/npm/chart.js@4.4.7/dist/chart.umd.min.js:18:21497)
    at <anonymous> (https://cdn.jsdelivr.net/npm/chart.js@4.4.7/dist/chart.umd.min.js:18:21561)
    at <anonymous> (https://cdn.jsdelivr.net/npm/chart.js@4.4.7/dist/chart.umd.min.js:18:21913)
    at qe (https://cdn.jsdelivr.net/npm/chart.js@4.4.7/dist/chart.umd.min.js:18:22657)
    at get (https://cdn.jsdelivr.net/npm/chart.js@4.4.7/dist/chart.umd.min.js:18:21207)
    at Ye (https://cdn.jsdelivr.net/npm/chart.js@4.4.7/dist/chart.umd.min.js:18:22279)
    at $e (https://cdn.jsdelivr.net/npm/chart.js@4.4.7/dist/chart.umd.min.js:18:21052)
    at <anonymous> (https://cdn.jsdelivr.net/npm/chart.js@4.4.7/dist/chart.umd.min.js:18:21885)
    at <anonymous> (https://cdn.jsdelivr.net/npm/chart.js@4.4.7/dist/chart.umd.min.js:18:21913)
    at qe (https://cdn.jsdelivr.net/npm/chart.js@4.4.7/dist/chart.umd.min.js:18:22657)
    at get (https://cdn.jsdelivr.net/npm/chart.js@4.4.7/dist/chart.umd.min.js:18:21207)
    at <anonymous> (http://localhost:8899/20260528-report.html?t=456:622:12)
    at <anonymous> (http://localhost:8899/20260528-report.html?t=456:620:44)
    at u (https://cdn.jsdelivr.net/npm/chart.js@4.4.7/dist/chart.umd.min.js:12:1310)
    at updateChartColors (http://localhost:8899/20260528-report.html?t=456:618:18)
    at <anonymous> (http://localhost:8899/20260528-report.html?t=456:631:2)
    at <anonymous> (http://localhost:8899/20260528-report.html?t=456:632:2)
[   50275ms] Uncaught TypeError: t.startsWith is not a function
    at _scriptable (https://cdn.jsdelivr.net/npm/chart.js@4.4.7/dist/chart.umd.min.js:18:12197)
    at <anonymous> (https://cdn.jsdelivr.net/npm/chart.js@4.4.7/dist/chart.umd.min.js:18:21497)
    at <anonymous> (https://cdn.jsdelivr.net/npm/chart.js@4.4.7/dist/chart.umd.min.js:18:21561)
    at <anonymous> (https://cdn.jsdelivr.net/npm/chart.js@4.4.7/dist/chart.umd.min.js:18:21913)
    at qe (https://cdn.jsdelivr.net/npm/chart.js@4.4.7/dist/chart.umd.min.js:18:22657)
    at get (https://cdn.jsdelivr.net/npm/chart.js@4.4.7/dist/chart.umd.min.js:18:21207)
    at Ye (https://cdn.jsdelivr.net/npm/chart.js@4.4.7/dist/chart.umd.min.js:18:22279)
    at $e (https://cdn.jsdelivr.net/npm/chart.js@4.4.7/dist/chart.umd.min.js:18:21052)
    at <anonymous> (https://cdn.jsdelivr.net/npm/chart.js@4.4.7/dist/chart.umd.min.js:18:21885)
    at <anonymous> (https://cdn.jsdelivr.net/npm/chart.js@4.4.7/dist/chart.umd.min.js:18:21913)
    at qe (https://cdn.jsdelivr.net/npm/chart.js@4.4.7/dist/chart.umd.min.js:18:22657)
    at get (https://cdn.jsdelivr.net/npm/chart.js@4.4.7/dist/chart.umd.min.js:18:21207)
    at <anonymous> (http://localhost:8899/20260528-report.html?t=456:622:12)
    at <anonymous> (http://localhost:8899/20260528-report.html?t=456:620:44)
    at u (https://cdn.jsdelivr.net/npm/chart.js@4.4.7/dist/chart.umd.min.js:12:1310)
    at updateChartColors (http://localhost:8899/20260528-report.html?t=456:618:18)
    at <anonymous> (http://localhost:8899/20260528-report.html?t=456:631:2)
    at <anonymous> (http://localhost:8899/20260528-report.html?t=456:632:2)
[   50381ms] Uncaught TypeError: t.startsWith is not a function
    at _scriptable (https://cdn.jsdelivr.net/npm/chart.js@4.4.7/dist/chart.umd.min.js:18:12197)
    at <anonymous> (https://cdn.jsdelivr.net/npm/chart.js@4.4.7/dist/chart.umd.min.js:18:21497)
    at <anonymous> (https://cdn.jsdelivr.net/npm/chart.js@4.4.7/dist/chart.umd.min.js:18:21561)
    at <anonymous> (https://cdn.jsdelivr.net/npm/chart.js@4.4.7/dist/chart.umd.min.js:18:21913)
    at qe (https://cdn.jsdelivr.net/npm/chart.js@4.4.7/dist/chart.umd.min.js:18:22657)
    at get (https://cdn.jsdelivr.net/npm/chart.js@4.4.7/dist/chart.umd.min.js:18:21207)
    at Ye (https://cdn.jsdelivr.net/npm/chart.js@4.4.7/dist/chart.umd.min.js:18:22279)
    at $e (https://cdn.jsdelivr.net/npm/chart.js@4.4.7/dist/chart.umd.min.js:18:21052)
    at <anonymous> (https://cdn.jsdelivr.net/npm/chart.js@4.4.7/dist/chart.umd.min.js:18:21885)
    at <anonymous> (https://cdn.jsdelivr.net/npm/chart.js@4.4.7/dist/chart.umd.min.js:18:21913)
    at qe (https://cdn.jsdelivr.net/npm/chart.js@4.4.7/dist/chart.umd.min.js:18:22657)
    at get (https://cdn.jsdelivr.net/npm/chart.js@4.4.7/dist/chart.umd.min.js:18:21207)
    at <anonymous> (http://localhost:8899/20260528-report.html?t=456:622:12)
    at <anonymous> (http://localhost:8899/20260528-report.html?t=456:620:44)
    at u (https://cdn.jsdelivr.net/npm/chart.js@4.4.7/dist/chart.umd.min.js:12:1310)
    at updateChartColors (http://localhost:8899/20260528-report.html?t=456:618:18)
    at <anonymous> (http://localhost:8899/20260528-report.html?t=456:631:2)
    at <anonymous> (http://localhost:8899/20260528-report.html?t=456:632:2)
[   50589ms] Uncaught TypeError: t.startsWith is not a function
    at _scriptable (https://cdn.jsdelivr.net/npm/chart.js@4.4.7/dist/chart.umd.min.js:18:12197)
    at <anonymous> (https://cdn.jsdelivr.net/npm/chart.js@4.4.7/dist/chart.umd.min.js:18:21497)
    at <anonymous> (https://cdn.jsdelivr.net/npm/chart.js@4.4.7/dist/chart.umd.min.js:18:21561)
    at <anonymous> (https://cdn.jsdelivr.net/npm/chart.js@4.4.7/dist/chart.umd.min.js:18:21913)
    at qe (https://cdn.jsdelivr.net/npm/chart.js@4.4.7/dist/chart.umd.min.js:18:22657)
    at get (https://cdn.jsdelivr.net/npm/chart.js@4.4.7/dist/chart.umd.min.js:18:21207)
    at Ye (https://cdn.jsdelivr.net/npm/chart.js@4.4.7/dist/chart.umd.min.js:18:22279)
    at $e (https://cdn.jsdelivr.net/npm/chart.js@4.4.7/dist/chart.umd.min.js:18:21052)
    at <anonymous> (https://cdn.jsdelivr.net/npm/chart.js@4.4.7/dist/chart.umd.min.js:18:21885)
    at <anonymous> (https://cdn.jsdelivr.net/npm/chart.js@4.4.7/dist/chart.umd.min.js:18:21913)
    at qe (https://cdn.jsdelivr.net/npm/chart.js@4.4.7/dist/chart.umd.min.js:18:22657)
    at get (https://cdn.jsdelivr.net/npm/chart.js@4.4.7/dist/chart.umd.min.js:18:21207)
    at <anonymous> (http://localhost:8899/20260528-report.html?t=456:622:12)
    at <anonymous> (http://localhost:8899/20260528-report.html?t=456:620:44)
    at u (https://cdn.jsdelivr.net/npm/chart.js@4.4.7/dist/chart.umd.min.js:12:1310)
    at updateChartColors (http://localhost:8899/20260528-report.html?t=456:618:18)
    at <anonymous> (http://localhost:8899/20260528-report.html?t=456:631:2)
    at <anonymous> (http://localhost:8899/20260528-report.html?t=456:632:2)
[   50725ms] Uncaught TypeError: t.startsWith is not a function
    at _scriptable (https://cdn.jsdelivr.net/npm/chart.js@4.4.7/dist/chart.umd.min.js:18:12197)
    at <anonymous> (https://cdn.jsdelivr.net/npm/chart.js@4.4.7/dist/chart.umd.min.js:18:21497)
    at <anonymous> (https://cdn.jsdelivr.net/npm/chart.js@4.4.7/dist/chart.umd.min.js:18:21561)
    at <anonymous> (https://cdn.jsdelivr.net/npm/chart.js@4.4.7/dist/chart.umd.min.js:18:21913)
    at qe (https://cdn.jsdelivr.net/npm/chart.js@4.4.7/dist/chart.umd.min.js:18:22657)
    at get (https://cdn.jsdelivr.net/npm/chart.js@4.4.7/dist/chart.umd.min.js:18:21207)
    at Ye (https://cdn.jsdelivr.net/npm/chart.js@4.4.7/dist/chart.umd.min.js:18:22279)
    at $e (https://cdn.jsdelivr.net/npm/chart.js@4.4.7/dist/chart.umd.min.js:18:21052)
    at <anonymous> (https://cdn.jsdelivr.net/npm/chart.js@4.4.7/dist/chart.umd.min.js:18:21885)
    at <anonymous> (https://cdn.jsdelivr.net/npm/chart.js@4.4.7/dist/chart.umd.min.js:18:21913)
    at qe (https://cdn.jsdelivr.net/npm/chart.js@4.4.7/dist/chart.umd.min.js:18:22657)
    at get (https://cdn.jsdelivr.net/npm/chart.js@4.4.7/dist/chart.umd.min.js:18:21207)
    at <anonymous> (http://localhost:8899/20260528-report.html?t=456:622:12)
    at <anonymous> (http://localhost:8899/20260528-report.html?t=456:620:44)
    at u (https://cdn.jsdelivr.net/npm/chart.js@4.4.7/dist/chart.umd.min.js:12:1310)
    at updateChartColors (http://localhost:8899/20260528-report.html?t=456:618:18)
    at <anonymous> (http://localhost:8899/20260528-report.html?t=456:631:2)
    at <anonymous> (http://localhost:8899/20260528-report.html?t=456:632:2)
[   50927ms] Uncaught TypeError: t.startsWith is not a function
    at _scriptable (https://cdn.jsdelivr.net/npm/chart.js@4.4.7/dist/chart.umd.min.js:18:12197)
    at <anonymous> (https://cdn.jsdelivr.net/npm/chart.js@4.4.7/dist/chart.umd.min.js:18:21497)
    at <anonymous> (https://cdn.jsdelivr.net/npm/chart.js@4.4.7/dist/chart.umd.min.js:18:21561)
    at <anonymous> (https://cdn.jsdelivr.net/npm/chart.js@4.4.7/dist/chart.umd.min.js:18:21913)
    at qe (https://cdn.jsdelivr.net/npm/chart.js@4.4.7/dist/chart.umd.min.js:18:22657)
    at get (https://cdn.jsdelivr.net/npm/chart.js@4.4.7/dist/chart.umd.min.js:18:21207)
    at Ye (https://cdn.jsdelivr.net/npm/chart.js@4.4.7/dist/chart.umd.min.js:18:22279)
    at $e (https://cdn.jsdelivr.net/npm/chart.js@4.4.7/dist/chart.umd.min.js:18:21052)
    at <anonymous> (https://cdn.jsdelivr.net/npm/chart.js@4.4.7/dist/chart.umd.min.js:18:21885)
    at <anonymous> (https://cdn.jsdelivr.net/npm/chart.js@4.4.7/dist/chart.umd.min.js:18:21913)
    at qe (https://cdn.jsdelivr.net/npm/chart.js@4.4.7/dist/chart.umd.min.js:18:22657)
    at get (https://cdn.jsdelivr.net/npm/chart.js@4.4.7/dist/chart.umd.min.js:18:21207)
    at <anonymous> (http://localhost:8899/20260528-report.html?t=456:622:12)
    at <anonymous> (http://localhost:8899/20260528-report.html?t=456:620:44)
    at u (https://cdn.jsdelivr.net/npm/chart.js@4.4.7/dist/chart.umd.min.js:12:1310)
    at updateChartColors (http://localhost:8899/20260528-report.html?t=456:618:18)
    at <anonymous> (http://localhost:8899/20260528-report.html?t=456:631:2)
    at <anonymous> (http://localhost:8899/20260528-report.html?t=456:632:2)
