[     166ms] Uncaught TypeError: t.startsWith is not a function
    at _scriptable (https://cdn.jsdelivr.net/npm/chart.js@4.4.7/dist/chart.umd.min.js:18:12197)
    at <anonymous> (https://cdn.jsdelivr.net/npm/chart.js@4.4.7/dist/chart.umd.min.js:18:21497)
    at <anonymous> (https://cdn.jsdelivr.net/npm/chart.js@4.4.7/dist/chart.umd.min.js:18:21561)
    at <anonymous> (https://cdn.jsdelivr.net/npm/chart.js@4.4.7/dist/chart.umd.min.js:18:21913)
    at qe (https://cdn.jsdelivr.net/npm/chart.js@4.4.7/dist/chart.umd.min.js:18:22657)
    at get (https://cdn.jsdelivr.net/npm/chart.js@4.4.7/dist/chart.umd.min.js:18:21207)
    at Ye (https://cdn.jsdelivr.net/npm/chart.js@4.4.7/dist/chart.umd.min.js:18:22279)
    at $e (https://cdn.jsdelivr.net/npm/chart.js@4.4.7/dist/chart.umd.min.js:18:21052)
    at <anonymous> (https://cdn.jsdelivr.net/npm/chart.js@4.4.7/dist/chart.umd.min.js:18:21885)
    at <anonymous> (https://cdn.jsdelivr.net/npm/chart.js@4.4.7/dist/chart.umd.min.js:18:21913)
    at qe (https://cdn.jsdelivr.net/npm/chart.js@4.4.7/dist/chart.umd.min.js:18:22657)
    at get (https://cdn.jsdelivr.net/npm/chart.js@4.4.7/dist/chart.umd.min.js:18:21207)
    at <anonymous> (http://localhost:8888/:688:12)
    at <anonymous> (http://localhost:8888/:686:44)
    at u (https://cdn.jsdelivr.net/npm/chart.js@4.4.7/dist/chart.umd.min.js:12:1310)
    at updateChartColors (http://localhost:8888/:684:18)
    at <anonymous> (http://localhost:8888/:697:2)
    at <anonymous> (http://localhost:8888/:698:2)
[     188ms] [ERROR] Failed to load resource: the server responded with a status of 404 (Not Found) @ http://localhost:8888/favicon.ico:0
