[     214ms] Uncaught TypeError: t.startsWith is not a function
    at _scriptable (https://cdn.jsdelivr.net/npm/chart.js@4.4.7/dist/chart.umd.min.js:18:12197)
    at <anonymous> (https://cdn.jsdelivr.net/npm/chart.js@4.4.7/dist/chart.umd.min.js:18:21497)
    at <anonymous> (https://cdn.jsdelivr.net/npm/chart.js@4.4.7/dist/chart.umd.min.js:18:21561)
    at <anonymous> (https://cdn.jsdelivr.net/npm/chart.js@4.4.7/dist/chart.umd.min.js:18:21913)
    at qe (https://cdn.jsdelivr.net/npm/chart.js@4.4.7/dist/chart.umd.min.js:18:22657)
    at get (https://cdn.jsdelivr.net/npm/chart.js@4.4.7/dist/chart.umd.min.js:18:21207)
    at Ye (https://cdn.jsdelivr.net/npm/chart.js@4.4.7/dist/chart.umd.min.js:18:22279)
    at $e (https://cdn.jsdelivr.net/npm/chart.js@4.4.7/dist/chart.umd.min.js:18:21052)
    at <anonymous> (https://cdn.jsdelivr.net/npm/chart.js@4.4.7/dist/chart.umd.min.js:18:21885)
    at <anonymous> (https://cdn.jsdelivr.net/npm/chart.js@4.4.7/dist/chart.umd.min.js:18:21913)
    at qe (https://cdn.jsdelivr.net/npm/chart.js@4.4.7/dist/chart.umd.min.js:18:22657)
    at get (https://cdn.jsdelivr.net/npm/chart.js@4.4.7/dist/chart.umd.min.js:18:21207)
    at <anonymous> (http://localhost:8898/20260603-report.html:682:12)
    at <anonymous> (http://localhost:8898/20260603-report.html:680:44)
    at u (https://cdn.jsdelivr.net/npm/chart.js@4.4.7/dist/chart.umd.min.js:12:1310)
    at updateChartColors (http://localhost:8898/20260603-report.html:678:18)
    at <anonymous> (http://localhost:8898/20260603-report.html:691:2)
    at <anonymous> (http://localhost:8898/20260603-report.html:692:2)
[     243ms] [ERROR] Failed to load resource: the server responded with a status of 404 (File not found) @ http://localhost:8898/favicon.ico:0
