[      58ms] Uncaught TypeError: t.startsWith is not a function
    at _scriptable (https://cdn.jsdelivr.net/npm/chart.js@4.4.7/dist/chart.umd.min.js:18:12197)
    at <anonymous> (https://cdn.jsdelivr.net/npm/chart.js@4.4.7/dist/chart.umd.min.js:18:21497)
    at <anonymous> (https://cdn.jsdelivr.net/npm/chart.js@4.4.7/dist/chart.umd.min.js:18:21561)
    at <anonymous> (https://cdn.jsdelivr.net/npm/chart.js@4.4.7/dist/chart.umd.min.js:18:21913)
    at qe (https://cdn.jsdelivr.net/npm/chart.js@4.4.7/dist/chart.umd.min.js:18:22657)
    at get (https://cdn.jsdelivr.net/npm/chart.js@4.4.7/dist/chart.umd.min.js:18:21207)
    at Ye (https://cdn.jsdelivr.net/npm/chart.js@4.4.7/dist/chart.umd.min.js:18:22279)
    at $e (https://cdn.jsdelivr.net/npm/chart.js@4.4.7/dist/chart.umd.min.js:18:21052)
    at <anonymous> (https://cdn.jsdelivr.net/npm/chart.js@4.4.7/dist/chart.umd.min.js:18:21885)
    at <anonymous> (https://cdn.jsdelivr.net/npm/chart.js@4.4.7/dist/chart.umd.min.js:18:21913)
    at qe (https://cdn.jsdelivr.net/npm/chart.js@4.4.7/dist/chart.umd.min.js:18:22657)
    at get (https://cdn.jsdelivr.net/npm/chart.js@4.4.7/dist/chart.umd.min.js:18:21207)
    at <anonymous> (http://localhost:8899/20260528-report.html:584:12)
    at <anonymous> (http://localhost:8899/20260528-report.html:582:44)
    at u (https://cdn.jsdelivr.net/npm/chart.js@4.4.7/dist/chart.umd.min.js:12:1310)
    at updateChartColors (http://localhost:8899/20260528-report.html:580:18)
    at <anonymous> (http://localhost:8899/20260528-report.html:593:2)
    at <anonymous> (http://localhost:8899/20260528-report.html:594:2)
[ 1067452ms] Uncaught TypeError: t.startsWith is not a function
    at _scriptable (https://cdn.jsdelivr.net/npm/chart.js@4.4.7/dist/chart.umd.min.js:18:12197)
    at <anonymous> (https://cdn.jsdelivr.net/npm/chart.js@4.4.7/dist/chart.umd.min.js:18:21497)
    at <anonymous> (https://cdn.jsdelivr.net/npm/chart.js@4.4.7/dist/chart.umd.min.js:18:21561)
    at <anonymous> (https://cdn.jsdelivr.net/npm/chart.js@4.4.7/dist/chart.umd.min.js:18:21913)
    at qe (https://cdn.jsdelivr.net/npm/chart.js@4.4.7/dist/chart.umd.min.js:18:22657)
    at get (https://cdn.jsdelivr.net/npm/chart.js@4.4.7/dist/chart.umd.min.js:18:21207)
    at Ye (https://cdn.jsdelivr.net/npm/chart.js@4.4.7/dist/chart.umd.min.js:18:22279)
    at $e (https://cdn.jsdelivr.net/npm/chart.js@4.4.7/dist/chart.umd.min.js:18:21052)
    at <anonymous> (https://cdn.jsdelivr.net/npm/chart.js@4.4.7/dist/chart.umd.min.js:18:21885)
    at <anonymous> (https://cdn.jsdelivr.net/npm/chart.js@4.4.7/dist/chart.umd.min.js:18:21913)
    at qe (https://cdn.jsdelivr.net/npm/chart.js@4.4.7/dist/chart.umd.min.js:18:22657)
    at get (https://cdn.jsdelivr.net/npm/chart.js@4.4.7/dist/chart.umd.min.js:18:21207)
    at <anonymous> (http://localhost:8899/20260528-report.html:591:12)
    at <anonymous> (http://localhost:8899/20260528-report.html:589:44)
    at u (https://cdn.jsdelivr.net/npm/chart.js@4.4.7/dist/chart.umd.min.js:12:1310)
    at updateChartColors (http://localhost:8899/20260528-report.html:587:18)
    at <anonymous> (http://localhost:8899/20260528-report.html:600:2)
    at <anonymous> (http://localhost:8899/20260528-report.html:601:2)
